// Jest Snapshot v1, https://goo.gl/fbAQLP

exports[`RecentPostListItem Snapshot renders correctly 1`] = `
<li>
  <span
    className="widget_wp-block-v8ch-primary-category__post-title"
  >
    <a
      href="http://some.url.local"
    >
      Post Title 
    </a>
  </span>
  <span
    className="widget_wp-block-v8ch-primary-category__post-date"
  >
    on  2018-7-8 19:00:00
  </span>
</li>
`;
